// Jest Snapshot v1, https://goo.gl/fbAQLP

exports[`Search component matches snapshot DOM node structure 1`] = `
<DocumentFragment>
  <div>
    <div
      class="wrap"
    >
      <form
        autocomplete="off"
        class="search"
      >
        <input
          class="searchTerm"
          name="input"
          placeholder="Search any book.."
          type="text"
        />
        <button
          class="searchButton"
          type="submit"
        >
          SEARCH
        </button>
      </form>
    </div>
  </div>
</DocumentFragment>
`;
