// Jest Snapshot v1, https://goo.gl/fbAQLP

exports[`Cards component matches snapshot DOM node structure 1`] = `
<DocumentFragment>
  <h2
    class="header"
  >
     results Found
  </h2>
</DocumentFragment>
`;
