// Jest Snapshot v1, https://goo.gl/fbAQLP

exports[`Nav component matches snapshot DOM node structure 1`] = `
<DocumentFragment>
  <div
    class="topnav"
  >
    <a
      class="title"
      href="#"
    >
      BrowseBook
    </a>
  </div>
</DocumentFragment>
`;
